// Jest Snapshot v1, https://goo.gl/fbAQLP

exports[`<EventDetailsComponent /> should render correctly 1`] = `
<section
  className="event-details "
>
  <div
    className="event-details__close"
    onClick={[Function]}
  >
    <i
      className="icon ion-android-close"
    />
  </div>
  <h3
    className="hd hd--3 hd--rule"
  >
    First Avenue
  </h3>
  <div
    className="event-details@geo"
  >
    <span>
      Begins 
      Invalid date
    </span>
      |
    <span
      className="event-details@geo__distance"
    >
      3
      mi
    </span>
    <a
      href="http://www.google.com/maps/place/44.988767,-93.254362"
      target="_blank"
    >
      <span
        className="ui-icon ui-icon--sm ui-icon--square ui-icon--tertiary"
        role="button"
      >
        <i
          className="icon ion-navigate"
        />
      </span>
    </a>
  </div>
  <div
    className="event-details__info"
  >
    <div
      className=""
    >
      Artists
    </div>
    <div
      className="event-details__col-date"
    >
      <time
        className="event-details__date"
        dateTime="{moment(event.date).format()}"
      >
        
      </time>
    </div>
  </div>
  <ul
    className="event-details@list"
  >
    <li
      className="event-details@list__item"
    >
      RLGDPPL
    </li>
    <li
      className="event-details@list__item"
    >
      Joelletron
    </li>
    <li
      className="event-details@list__item"
    >
      Windmill
    </li>
  </ul>
</section>
`;
